2026-06-22 10:25:23,072 [Worker-8: Loading available Gradle versions] INFO  o.e.b.c.i.u.g.PublishedGradleVersions - Gradle version information cache is up-to-date. Trying to read.
2026-06-22 10:43:10,960 [Worker-5: Loading available Gradle versions] INFO  o.e.b.c.i.u.g.PublishedGradleVersions - Gradle version information cache is up-to-date. Trying to read.
2026-06-22 16:24:37,328 [Worker-49: DTR Server] INFO  org.eclipse.jetty.server.Server - jetty-12.0.3; built: 2023-10-27T03:25:22.284Z; git: a873259fd5af141dedaa6c7fa8fe8fbdedce0d61; jvm 17.0.9+9
2026-06-22 16:24:37,508 [Worker-49: DTR Server] WARN  o.e.j.ee8.servlet.DefaultServlet - Deprecated resourceBase used instead of baseResource
2026-06-22 16:24:37,533 [Worker-49: DTR Server] INFO  o.e.j.server.handler.ContextHandler - Started oeje8n.ContextHandler$CoreContextHandler@77a81c0{ROOT,/,b=null,a=AVAILABLE,h=oeje8n.ContextHandler$CoreContextHandler$CoreToNestedHandler@fd50837{STARTED}}
2026-06-22 16:24:37,629 [Worker-49: DTR Server] INFO  o.e.jetty.server.AbstractConnector - Started ServerConnector@3c60d392{HTTP/1.1, (http/1.1)}{localhost:54098}
2026-06-22 16:24:37,640 [Worker-49: DTR Server] INFO  org.eclipse.jetty.server.Server - Started oejs.Server@680b2707{STARTING}[12.0.3,sto=0] @20530440ms
2026-06-22 17:36:32,831 [Worker-64: RF Server] INFO  org.eclipse.jetty.server.Server - jetty-12.0.3; built: 2023-10-27T03:25:22.284Z; git: a873259fd5af141dedaa6c7fa8fe8fbdedce0d61; jvm 17.0.9+9
2026-06-22 17:36:32,834 [Worker-64: RF Server] WARN  o.e.j.ee8.servlet.DefaultServlet - Deprecated resourceBase used instead of baseResource
2026-06-22 17:36:32,836 [Worker-64: RF Server] INFO  o.e.j.server.handler.ContextHandler - Started oeje8n.ContextHandler$CoreContextHandler@45f1a70a{ROOT,/,b=null,a=AVAILABLE,h=oeje8n.ContextHandler$CoreContextHandler$CoreToNestedHandler@1e9961a6{STARTED}}
2026-06-22 17:36:32,846 [Worker-64: RF Server] INFO  o.e.jetty.server.AbstractConnector - Started ServerConnector@27189290{HTTP/1.1, (http/1.1)}{localhost:54801}
2026-06-22 17:36:32,846 [Worker-64: RF Server] INFO  org.eclipse.jetty.server.Server - Started oejs.Server@18100304{STARTING}[12.0.3,sto=0] @24845653ms
2026-06-22 17:53:57,400 [Framework stop - Equinox Container: 0d50a256-0a5b-4db2-ac4a-4490686873c6] INFO  org.eclipse.jetty.server.Server - Stopped oejs.Server@680b2707{STOPPING}[12.0.3,sto=0]
2026-06-22 17:53:57,405 [Framework stop - Equinox Container: 0d50a256-0a5b-4db2-ac4a-4490686873c6] INFO  o.e.jetty.server.AbstractConnector - Stopped ServerConnector@3c60d392{HTTP/1.1, (http/1.1)}{localhost:0}
2026-06-22 17:53:57,415 [Framework stop - Equinox Container: 0d50a256-0a5b-4db2-ac4a-4490686873c6] INFO  org.eclipse.jetty.server.Server - Stopped oejs.Server@18100304{STOPPING}[12.0.3,sto=0]
2026-06-22 17:53:57,417 [Framework stop - Equinox Container: 0d50a256-0a5b-4db2-ac4a-4490686873c6] INFO  o.e.jetty.server.AbstractConnector - Stopped ServerConnector@27189290{HTTP/1.1, (http/1.1)}{localhost:0}
2026-06-23 09:53:11,013 [Worker-4: Loading available Gradle versions] INFO  o.e.b.c.i.u.g.PublishedGradleVersions - Gradle version information cache is up-to-date. Trying to read.
2026-06-23 10:19:02,623 [Worker-22: RF Server] INFO  org.eclipse.jetty.server.Server - jetty-12.0.3; built: 2023-10-27T03:25:22.284Z; git: a873259fd5af141dedaa6c7fa8fe8fbdedce0d61; jvm 17.0.9+9
2026-06-23 10:19:02,734 [Worker-22: RF Server] WARN  o.e.j.ee8.servlet.DefaultServlet - Deprecated resourceBase used instead of baseResource
2026-06-23 10:19:02,780 [Worker-22: RF Server] INFO  o.e.j.server.handler.ContextHandler - Started oeje8n.ContextHandler$CoreContextHandler@1fe82813{ROOT,/,b=null,a=AVAILABLE,h=oeje8n.ContextHandler$CoreContextHandler$CoreToNestedHandler@5155b446{STARTED}}
2026-06-23 10:19:02,854 [Worker-22: RF Server] INFO  o.e.jetty.server.AbstractConnector - Started ServerConnector@1a53120f{HTTP/1.1, (http/1.1)}{localhost:59760}
2026-06-23 10:19:02,871 [Worker-22: RF Server] INFO  org.eclipse.jetty.server.Server - Started oejs.Server@fabcb45{STARTING}[12.0.3,sto=0] @1588227ms
2026-06-23 15:22:51,518 [Worker-48: DTR Server] INFO  org.eclipse.jetty.server.Server - jetty-12.0.3; built: 2023-10-27T03:25:22.284Z; git: a873259fd5af141dedaa6c7fa8fe8fbdedce0d61; jvm 17.0.9+9
2026-06-23 15:22:51,532 [Worker-48: DTR Server] WARN  o.e.j.ee8.servlet.DefaultServlet - Deprecated resourceBase used instead of baseResource
2026-06-23 15:22:51,552 [Worker-48: DTR Server] INFO  o.e.j.server.handler.ContextHandler - Started oeje8n.ContextHandler$CoreContextHandler@409a5cae{ROOT,/,b=null,a=AVAILABLE,h=oeje8n.ContextHandler$CoreContextHandler$CoreToNestedHandler@d61a780{STARTED}}
2026-06-23 15:22:51,561 [Worker-48: DTR Server] INFO  o.e.jetty.server.AbstractConnector - Started ServerConnector@16a17463{HTTP/1.1, (http/1.1)}{localhost:53273}
2026-06-23 15:22:51,561 [Worker-48: DTR Server] INFO  org.eclipse.jetty.server.Server - Started oejs.Server@19910b79{STARTING}[12.0.3,sto=0] @19816945ms
2026-06-23 17:13:19,423 [Framework stop - Equinox Container: 157f084f-f728-4cc1-80fc-8c3c64a1a309] INFO  org.eclipse.jetty.server.Server - Stopped oejs.Server@19910b79{STOPPING}[12.0.3,sto=0]
2026-06-23 17:13:19,426 [Framework stop - Equinox Container: 157f084f-f728-4cc1-80fc-8c3c64a1a309] INFO  o.e.jetty.server.AbstractConnector - Stopped ServerConnector@16a17463{HTTP/1.1, (http/1.1)}{localhost:0}
2026-06-23 17:13:19,458 [Framework stop - Equinox Container: 157f084f-f728-4cc1-80fc-8c3c64a1a309] INFO  org.eclipse.jetty.server.Server - Stopped oejs.Server@fabcb45{STOPPING}[12.0.3,sto=0]
2026-06-23 17:13:19,460 [Framework stop - Equinox Container: 157f084f-f728-4cc1-80fc-8c3c64a1a309] INFO  o.e.jetty.server.AbstractConnector - Stopped ServerConnector@1a53120f{HTTP/1.1, (http/1.1)}{localhost:0}
2026-06-23 17:14:41,740 [Worker-4: Loading available Gradle versions] INFO  o.e.b.c.i.u.g.PublishedGradleVersions - Gradle version information cache is out-of-date. Trying to update.
2026-06-23 17:15:23,669 [Worker-11: DTR Server] INFO  org.eclipse.jetty.server.Server - jetty-12.0.3; built: 2023-10-27T03:25:22.284Z; git: a873259fd5af141dedaa6c7fa8fe8fbdedce0d61; jvm 17.0.9+9
2026-06-23 17:15:23,790 [Worker-11: DTR Server] WARN  o.e.j.ee8.servlet.DefaultServlet - Deprecated resourceBase used instead of baseResource
2026-06-23 17:15:23,827 [Worker-11: DTR Server] INFO  o.e.j.server.handler.ContextHandler - Started oeje8n.ContextHandler$CoreContextHandler@7a6b553f{ROOT,/,b=null,a=AVAILABLE,h=oeje8n.ContextHandler$CoreContextHandler$CoreToNestedHandler@1797ced2{STARTED}}
2026-06-23 17:15:23,905 [Worker-11: DTR Server] INFO  o.e.jetty.server.AbstractConnector - Started ServerConnector@335daa50{HTTP/1.1, (http/1.1)}{localhost:64944}
2026-06-23 17:15:23,920 [Worker-11: DTR Server] INFO  org.eclipse.jetty.server.Server - Started oejs.Server@7df3e819{STARTING}[12.0.3,sto=0] @119227ms
2026-06-23 17:27:13,045 [Worker-15: RF Server] INFO  org.eclipse.jetty.server.Server - jetty-12.0.3; built: 2023-10-27T03:25:22.284Z; git: a873259fd5af141dedaa6c7fa8fe8fbdedce0d61; jvm 17.0.9+9
2026-06-23 17:27:13,049 [Worker-15: RF Server] WARN  o.e.j.ee8.servlet.DefaultServlet - Deprecated resourceBase used instead of baseResource
2026-06-23 17:27:13,050 [Worker-15: RF Server] INFO  o.e.j.server.handler.ContextHandler - Started oeje8n.ContextHandler$CoreContextHandler@71544879{ROOT,/,b=null,a=AVAILABLE,h=oeje8n.ContextHandler$CoreContextHandler$CoreToNestedHandler@56cbb0a2{STARTED}}
2026-06-23 17:27:13,057 [Worker-15: RF Server] INFO  o.e.jetty.server.AbstractConnector - Started ServerConnector@32948941{HTTP/1.1, (http/1.1)}{localhost:62234}
2026-06-23 17:27:13,057 [Worker-15: RF Server] INFO  org.eclipse.jetty.server.Server - Started oejs.Server@33c7dd75{STARTING}[12.0.3,sto=0] @828364ms
2026-06-23 17:29:55,923 [Framework stop - Equinox Container: e3089cc1-4a9b-4adc-b283-531021901717] INFO  org.eclipse.jetty.server.Server - Stopped oejs.Server@7df3e819{STOPPING}[12.0.3,sto=0]
2026-06-23 17:29:55,933 [Framework stop - Equinox Container: e3089cc1-4a9b-4adc-b283-531021901717] INFO  o.e.jetty.server.AbstractConnector - Stopped ServerConnector@335daa50{HTTP/1.1, (http/1.1)}{localhost:0}
2026-06-23 17:29:55,945 [Framework stop - Equinox Container: e3089cc1-4a9b-4adc-b283-531021901717] INFO  org.eclipse.jetty.server.Server - Stopped oejs.Server@33c7dd75{STOPPING}[12.0.3,sto=0]
2026-06-23 17:29:55,953 [Framework stop - Equinox Container: e3089cc1-4a9b-4adc-b283-531021901717] INFO  o.e.jetty.server.AbstractConnector - Stopped ServerConnector@32948941{HTTP/1.1, (http/1.1)}{localhost:0}
2026-06-24 10:05:18,410 [Worker-6: Loading available Gradle versions] INFO  o.e.b.c.i.u.g.PublishedGradleVersions - Gradle version information cache is up-to-date. Trying to read.
2026-06-24 11:14:10,826 [Worker-27: RF Server] INFO  org.eclipse.jetty.server.Server - jetty-12.0.3; built: 2023-10-27T03:25:22.284Z; git: a873259fd5af141dedaa6c7fa8fe8fbdedce0d61; jvm 17.0.9+9
2026-06-24 11:14:10,875 [Worker-27: RF Server] WARN  o.e.j.ee8.servlet.DefaultServlet - Deprecated resourceBase used instead of baseResource
2026-06-24 11:14:10,894 [Worker-27: RF Server] INFO  o.e.j.server.handler.ContextHandler - Started oeje8n.ContextHandler$CoreContextHandler@4fdd4b1d{ROOT,/,b=null,a=AVAILABLE,h=oeje8n.ContextHandler$CoreContextHandler$CoreToNestedHandler@77582649{STARTED}}
2026-06-24 11:14:10,942 [Worker-27: RF Server] INFO  o.e.jetty.server.AbstractConnector - Started ServerConnector@6c38503d{HTTP/1.1, (http/1.1)}{localhost:60813}
2026-06-24 11:14:10,953 [Worker-27: RF Server] INFO  org.eclipse.jetty.server.Server - Started oejs.Server@7cf2e780{STARTING}[12.0.3,sto=0] @4197255ms
2026-06-24 11:55:54,586 [Worker-31: DTR Server] INFO  org.eclipse.jetty.server.Server - jetty-12.0.3; built: 2023-10-27T03:25:22.284Z; git: a873259fd5af141dedaa6c7fa8fe8fbdedce0d61; jvm 17.0.9+9
2026-06-24 11:55:54,717 [Worker-31: DTR Server] WARN  o.e.j.ee8.servlet.DefaultServlet - Deprecated resourceBase used instead of baseResource
2026-06-24 11:55:54,720 [Worker-31: DTR Server] INFO  o.e.j.server.handler.ContextHandler - Started oeje8n.ContextHandler$CoreContextHandler@2780435{ROOT,/,b=null,a=AVAILABLE,h=oeje8n.ContextHandler$CoreContextHandler$CoreToNestedHandler@4650a66a{STARTED}}
2026-06-24 11:55:54,728 [Worker-31: DTR Server] INFO  o.e.jetty.server.AbstractConnector - Started ServerConnector@54f89c29{HTTP/1.1, (http/1.1)}{localhost:54123}
2026-06-24 11:55:54,729 [Worker-31: DTR Server] INFO  org.eclipse.jetty.server.Server - Started oejs.Server@7d5a5852{STARTING}[12.0.3,sto=0] @6701031ms
2026-06-24 17:35:57,647 [Framework stop - Equinox Container: 8e74d9e6-0917-4af8-9188-0a1b6a736eff] INFO  org.eclipse.jetty.server.Server - Stopped oejs.Server@7d5a5852{STOPPING}[12.0.3,sto=0]
2026-06-24 17:35:57,655 [Framework stop - Equinox Container: 8e74d9e6-0917-4af8-9188-0a1b6a736eff] INFO  o.e.jetty.server.AbstractConnector - Stopped ServerConnector@54f89c29{HTTP/1.1, (http/1.1)}{localhost:0}
2026-06-24 17:35:57,687 [Framework stop - Equinox Container: 8e74d9e6-0917-4af8-9188-0a1b6a736eff] INFO  org.eclipse.jetty.server.Server - Stopped oejs.Server@7cf2e780{STOPPING}[12.0.3,sto=0]
2026-06-24 17:35:57,689 [Framework stop - Equinox Container: 8e74d9e6-0917-4af8-9188-0a1b6a736eff] INFO  o.e.jetty.server.AbstractConnector - Stopped ServerConnector@6c38503d{HTTP/1.1, (http/1.1)}{localhost:0}
2026-06-25 09:54:57,085 [Worker-4: Loading available Gradle versions] INFO  o.e.b.c.i.u.g.PublishedGradleVersions - Gradle version information cache is out-of-date. Trying to update.
2026-06-25 16:20:19,628 [Worker-56: Importing Maven projects] INFO  o.e.m.c.i.e.AbstractTransferListenerAdapter - Downloading https://repo.maven.apache.org/maven2/org/apache/maven/plugins/maven-compiler-plugin/3.11.0/maven-compiler-plugin-3.11.0.jar
2026-06-25 16:20:19,646 [Worker-56: Importing Maven projects] INFO  o.e.m.c.i.e.AbstractTransferListenerAdapter - Downloaded https://repo.maven.apache.org/maven2/org/apache/maven/plugins/maven-compiler-plugin/3.11.0/maven-compiler-plugin-3.11.0.jar
2026-06-25 16:20:19,698 [Worker-56: Importing Maven projects] INFO  o.e.m.c.i.e.AbstractTransferListenerAdapter - Downloading https://repo.maven.apache.org/maven2/org/apache/maven/plugins/maven-surefire-plugin/3.1.2/maven-surefire-plugin-3.1.2.jar
2026-06-25 16:20:19,703 [Worker-56: Importing Maven projects] INFO  o.e.m.c.i.e.AbstractTransferListenerAdapter - Downloaded https://repo.maven.apache.org/maven2/org/apache/maven/plugins/maven-surefire-plugin/3.1.2/maven-surefire-plugin-3.1.2.jar
2026-06-25 16:20:19,830 [Worker-56: Importing Maven projects] INFO  o.e.m.c.i.e.AbstractTransferListenerAdapter - Downloading https://repo.maven.apache.org/maven2/org/apache/maven/plugins/maven-jar-plugin/3.3.0/maven-jar-plugin-3.3.0.jar
2026-06-25 16:20:19,834 [Worker-56: Importing Maven projects] INFO  o.e.m.c.i.e.AbstractTransferListenerAdapter - Downloaded https://repo.maven.apache.org/maven2/org/apache/maven/plugins/maven-jar-plugin/3.3.0/maven-jar-plugin-3.3.0.jar
2026-06-25 16:20:19,976 [Worker-56: Importing Maven projects] INFO  o.e.m.c.i.e.AbstractTransferListenerAdapter - Downloading https://repo.maven.apache.org/maven2/org/apache/maven/plugins/maven-install-plugin/3.1.1/maven-install-plugin-3.1.1.jar
2026-06-25 16:20:19,988 [Worker-56: Importing Maven projects] INFO  o.e.m.c.i.e.AbstractTransferListenerAdapter - Downloaded https://repo.maven.apache.org/maven2/org/apache/maven/plugins/maven-install-plugin/3.1.1/maven-install-plugin-3.1.1.jar
2026-06-25 16:20:20,116 [Worker-56: Importing Maven projects] INFO  o.e.m.c.i.e.AbstractTransferListenerAdapter - Downloading https://repo.maven.apache.org/maven2/org/apache/maven/plugins/maven-deploy-plugin/3.1.1/maven-deploy-plugin-3.1.1.jar
2026-06-25 16:20:20,123 [Worker-56: Importing Maven projects] INFO  o.e.m.c.i.e.AbstractTransferListenerAdapter - Downloaded https://repo.maven.apache.org/maven2/org/apache/maven/plugins/maven-deploy-plugin/3.1.1/maven-deploy-plugin-3.1.1.jar
2026-06-25 16:20:20,299 [Worker-56: Importing Maven projects] INFO  o.e.m.c.i.e.AbstractTransferListenerAdapter - Downloading https://repo.maven.apache.org/maven2/org/apache/maven/plugins/maven-compiler-plugin/3.11.0/maven-compiler-plugin-3.11.0.pom
2026-06-25 16:20:20,302 [Worker-56: Importing Maven projects] INFO  o.e.m.c.i.e.AbstractTransferListenerAdapter - Downloaded https://repo.maven.apache.org/maven2/org/apache/maven/plugins/maven-compiler-plugin/3.11.0/maven-compiler-plugin-3.11.0.pom
2026-06-25 16:20:20,764 [Worker-56: Importing Maven projects] INFO  o.e.m.c.i.e.AbstractTransferListenerAdapter - Downloading https://repo.maven.apache.org/maven2/org/codehaus/plexus/plexus-java/1.1.2/plexus-java-1.1.2.pom
2026-06-25 16:20:20,770 [Worker-56: Importing Maven projects] INFO  o.e.m.c.i.e.AbstractTransferListenerAdapter - Downloaded https://repo.maven.apache.org/maven2/org/codehaus/plexus/plexus-java/1.1.2/plexus-java-1.1.2.pom
2026-06-25 16:20:20,822 [Worker-56: Importing Maven projects] INFO  o.e.m.c.i.e.AbstractTransferListenerAdapter - Downloading https://repo.maven.apache.org/maven2/org/codehaus/plexus/plexus-languages/1.1.2/plexus-languages-1.1.2.pom
2026-06-25 16:20:20,827 [Worker-56: Importing Maven projects] INFO  o.e.m.c.i.e.AbstractTransferListenerAdapter - Downloaded https://repo.maven.apache.org/maven2/org/codehaus/plexus/plexus-languages/1.1.2/plexus-languages-1.1.2.pom
2026-06-25 16:20:20,921 [Worker-56: Importing Maven projects] INFO  o.e.m.c.i.e.AbstractTransferListenerAdapter - Downloading https://repo.maven.apache.org/maven2/org/ow2/asm/asm/9.4/asm-9.4.pom
2026-06-25 16:20:20,925 [Worker-56: Importing Maven projects] INFO  o.e.m.c.i.e.AbstractTransferListenerAdapter - Downloaded https://repo.maven.apache.org/maven2/org/ow2/asm/asm/9.4/asm-9.4.pom
2026-06-25 16:20:21,044 [Worker-56: Importing Maven projects] INFO  o.e.m.c.i.e.AbstractTransferListenerAdapter - Downloading https://repo.maven.apache.org/maven2/org/codehaus/plexus/plexus-compiler-api/2.13.0/plexus-compiler-api-2.13.0.pom
2026-06-25 16:20:21,059 [Worker-56: Importing Maven projects] INFO  o.e.m.c.i.e.AbstractTransferListenerAdapter - Downloaded https://repo.maven.apache.org/maven2/org/codehaus/plexus/plexus-compiler-api/2.13.0/plexus-compiler-api-2.13.0.pom
2026-06-25 16:20:21,111 [Worker-56: Importing Maven projects] INFO  o.e.m.c.i.e.AbstractTransferListenerAdapter - Downloading https://repo.maven.apache.org/maven2/org/codehaus/plexus/plexus-compiler/2.13.0/plexus-compiler-2.13.0.pom
2026-06-25 16:20:21,115 [Worker-56: Importing Maven projects] INFO  o.e.m.c.i.e.AbstractTransferListenerAdapter - Downloaded https://repo.maven.apache.org/maven2/org/codehaus/plexus/plexus-compiler/2.13.0/plexus-compiler-2.13.0.pom
2026-06-25 16:20:21,158 [Worker-56: Importing Maven projects] INFO  o.e.m.c.i.e.AbstractTransferListenerAdapter - Downloading https://repo.maven.apache.org/maven2/org/codehaus/plexus/plexus-components/10.0/plexus-components-10.0.pom
2026-06-25 16:20:21,163 [Worker-56: Importing Maven projects] INFO  o.e.m.c.i.e.AbstractTransferListenerAdapter - Downloaded https://repo.maven.apache.org/maven2/org/codehaus/plexus/plexus-components/10.0/plexus-components-10.0.pom
2026-06-25 16:20:21,214 [Worker-56: Importing Maven projects] INFO  o.e.m.c.i.e.AbstractTransferListenerAdapter - Downloading https://repo.maven.apache.org/maven2/org/junit/junit-bom/5.9.1/junit-bom-5.9.1.pom
2026-06-25 16:20:21,217 [Worker-56: Importing Maven projects] INFO  o.e.m.c.i.e.AbstractTransferListenerAdapter - Downloaded https://repo.maven.apache.org/maven2/org/junit/junit-bom/5.9.1/junit-bom-5.9.1.pom
2026-06-25 16:20:21,282 [Worker-56: Importing Maven projects] INFO  o.e.m.c.i.e.AbstractTransferListenerAdapter - Downloading https://repo.maven.apache.org/maven2/org/codehaus/plexus/plexus-compiler-manager/2.13.0/plexus-compiler-manager-2.13.0.pom
2026-06-25 16:20:21,285 [Worker-56: Importing Maven projects] INFO  o.e.m.c.i.e.AbstractTransferListenerAdapter - Downloaded https://repo.maven.apache.org/maven2/org/codehaus/plexus/plexus-compiler-manager/2.13.0/plexus-compiler-manager-2.13.0.pom
2026-06-25 16:20:21,391 [Worker-56: Importing Maven projects] INFO  o.e.m.c.i.e.AbstractTransferListenerAdapter - Downloading https://repo.maven.apache.org/maven2/org/codehaus/plexus/plexus-compiler-javac/2.13.0/plexus-compiler-javac-2.13.0.pom
2026-06-25 16:20:21,403 [Worker-56: Importing Maven projects] INFO  o.e.m.c.i.e.AbstractTransferListenerAdapter - Downloaded https://repo.maven.apache.org/maven2/org/codehaus/plexus/plexus-compiler-javac/2.13.0/plexus-compiler-javac-2.13.0.pom
2026-06-25 16:20:21,454 [Worker-56: Importing Maven projects] INFO  o.e.m.c.i.e.AbstractTransferListenerAdapter - Downloading https://repo.maven.apache.org/maven2/org/codehaus/plexus/plexus-compilers/2.13.0/plexus-compilers-2.13.0.pom
2026-06-25 16:20:21,468 [Worker-56: Importing Maven projects] INFO  o.e.m.c.i.e.AbstractTransferListenerAdapter - Downloaded https://repo.maven.apache.org/maven2/org/codehaus/plexus/plexus-compilers/2.13.0/plexus-compilers-2.13.0.pom
2026-06-25 16:20:21,595 [Worker-56: Importing Maven projects] INFO  o.e.m.c.i.e.AbstractTransferListenerAdapter - Downloading https://repo.maven.apache.org/maven2/org/codehaus/plexus/plexus-java/1.1.2/plexus-java-1.1.2.jar
2026-06-25 16:20:21,627 [Worker-56: Importing Maven projects] INFO  o.e.m.c.i.e.AbstractTransferListenerAdapter - Downloaded https://repo.maven.apache.org/maven2/org/codehaus/plexus/plexus-java/1.1.2/plexus-java-1.1.2.jar
2026-06-25 16:20:21,661 [BasicRepositoryConnector-repo.maven.apache.org-0-0] INFO  o.e.m.c.i.e.AbstractTransferListenerAdapter - Downloading https://repo.maven.apache.org/maven2/org/ow2/asm/asm/9.4/asm-9.4.jar
2026-06-25 16:20:21,689 [BasicRepositoryConnector-repo.maven.apache.org-0-0] INFO  o.e.m.c.i.e.AbstractTransferListenerAdapter - Downloaded https://repo.maven.apache.org/maven2/org/ow2/asm/asm/9.4/asm-9.4.jar
2026-06-25 16:20:21,715 [BasicRepositoryConnector-repo.maven.apache.org-0-3] INFO  o.e.m.c.i.e.AbstractTransferListenerAdapter - Downloading https://repo.maven.apache.org/maven2/org/codehaus/plexus/plexus-compiler-manager/2.13.0/plexus-compiler-manager-2.13.0.jar
2026-06-25 16:20:21,715 [BasicRepositoryConnector-repo.maven.apache.org-0-4] INFO  o.e.m.c.i.e.AbstractTransferListenerAdapter - Downloading https://repo.maven.apache.org/maven2/org/codehaus/plexus/plexus-compiler-javac/2.13.0/plexus-compiler-javac-2.13.0.jar
2026-06-25 16:20:21,716 [BasicRepositoryConnector-repo.maven.apache.org-0-1] INFO  o.e.m.c.i.e.AbstractTransferListenerAdapter - Downloading https://repo.maven.apache.org/maven2/org/codehaus/plexus/plexus-compiler-api/2.13.0/plexus-compiler-api-2.13.0.jar
2026-06-25 16:20:21,720 [BasicRepositoryConnector-repo.maven.apache.org-0-3] INFO  o.e.m.c.i.e.AbstractTransferListenerAdapter - Downloaded https://repo.maven.apache.org/maven2/org/codehaus/plexus/plexus-compiler-manager/2.13.0/plexus-compiler-manager-2.13.0.jar
2026-06-25 16:20:21,722 [BasicRepositoryConnector-repo.maven.apache.org-0-4] INFO  o.e.m.c.i.e.AbstractTransferListenerAdapter - Downloaded https://repo.maven.apache.org/maven2/org/codehaus/plexus/plexus-compiler-javac/2.13.0/plexus-compiler-javac-2.13.0.jar
2026-06-25 16:20:21,730 [BasicRepositoryConnector-repo.maven.apache.org-0-1] INFO  o.e.m.c.i.e.AbstractTransferListenerAdapter - Downloaded https://repo.maven.apache.org/maven2/org/codehaus/plexus/plexus-compiler-api/2.13.0/plexus-compiler-api-2.13.0.jar
2026-06-25 16:20:21,767 [BasicRepositoryConnector-repo.maven.apache.org-0-2] INFO  o.e.m.c.i.e.AbstractTransferListenerAdapter - Downloading https://repo.maven.apache.org/maven2/org/codehaus/plexus/plexus-utils/3.5.0/plexus-utils-3.5.0.jar
2026-06-25 16:20:21,868 [BasicRepositoryConnector-repo.maven.apache.org-0-2] INFO  o.e.m.c.i.e.AbstractTransferListenerAdapter - Downloaded https://repo.maven.apache.org/maven2/org/codehaus/plexus/plexus-utils/3.5.0/plexus-utils-3.5.0.jar
2026-06-25 16:20:22,143 [Worker-56: Importing Maven projects] INFO  o.e.m.c.i.l.LifecycleMappingFactory - Using org.eclipse.m2e.jdt.JarLifecycleMapping lifecycle mapping for MavenProject: com.banque:odm-domain:1.0.0 @ C:\Users\OussamaBENAMOR\Desktop\nouveau ws\odm-domain\pom.xml.
2026-06-25 16:20:22,245 [Worker-56: Importing Maven projects] INFO  o.e.m.c.i.e.AbstractTransferListenerAdapter - Downloading https://repo.maven.apache.org/maven2/org/apache/maven/plugins/maven-surefire-plugin/3.1.2/maven-surefire-plugin-3.1.2.pom
2026-06-25 16:20:22,249 [Worker-56: Importing Maven projects] INFO  o.e.m.c.i.e.AbstractTransferListenerAdapter - Downloaded https://repo.maven.apache.org/maven2/org/apache/maven/plugins/maven-surefire-plugin/3.1.2/maven-surefire-plugin-3.1.2.pom
2026-06-25 16:20:22,293 [Worker-56: Importing Maven projects] INFO  o.e.m.c.i.e.AbstractTransferListenerAdapter - Downloading https://repo.maven.apache.org/maven2/org/apache/maven/surefire/surefire/3.1.2/surefire-3.1.2.pom
2026-06-25 16:20:22,298 [Worker-56: Importing Maven projects] INFO  o.e.m.c.i.e.AbstractTransferListenerAdapter - Downloaded https://repo.maven.apache.org/maven2/org/apache/maven/surefire/surefire/3.1.2/surefire-3.1.2.pom
2026-06-25 16:20:22,346 [Worker-56: Importing Maven projects] INFO  o.e.m.c.i.e.AbstractTransferListenerAdapter - Downloading https://repo.maven.apache.org/maven2/org/apache/maven/plugins/maven-jar-plugin/3.3.0/maven-jar-plugin-3.3.0.pom
2026-06-25 16:20:22,350 [Worker-56: Importing Maven projects] INFO  o.e.m.c.i.e.AbstractTransferListenerAdapter - Downloaded https://repo.maven.apache.org/maven2/org/apache/maven/plugins/maven-jar-plugin/3.3.0/maven-jar-plugin-3.3.0.pom
2026-06-25 16:20:22,406 [Worker-56: Importing Maven projects] INFO  o.e.m.c.i.e.AbstractTransferListenerAdapter - Downloading https://repo.maven.apache.org/maven2/org/apache/maven/plugins/maven-plugins/37/maven-plugins-37.pom
2026-06-25 16:20:22,411 [Worker-56: Importing Maven projects] INFO  o.e.m.c.i.e.AbstractTransferListenerAdapter - Downloaded https://repo.maven.apache.org/maven2/org/apache/maven/plugins/maven-plugins/37/maven-plugins-37.pom
2026-06-25 16:20:22,458 [Worker-56: Importing Maven projects] INFO  o.e.m.c.i.e.AbstractTransferListenerAdapter - Downloading https://repo.maven.apache.org/maven2/org/apache/maven/maven-parent/37/maven-parent-37.pom
2026-06-25 16:20:22,462 [Worker-56: Importing Maven projects] INFO  o.e.m.c.i.e.AbstractTransferListenerAdapter - Downloaded https://repo.maven.apache.org/maven2/org/apache/maven/maven-parent/37/maven-parent-37.pom
2026-06-25 16:20:22,793 [Worker-56: Importing Maven projects] INFO  o.e.m.c.i.e.AbstractTransferListenerAdapter - Downloading https://repo.maven.apache.org/maven2/org/apache/maven/maven-archiver/3.6.0/maven-archiver-3.6.0.pom
2026-06-25 16:20:22,805 [Worker-56: Importing Maven projects] INFO  o.e.m.c.i.e.AbstractTransferListenerAdapter - Downloaded https://repo.maven.apache.org/maven2/org/apache/maven/maven-archiver/3.6.0/maven-archiver-3.6.0.pom
2026-06-25 16:20:22,870 [Worker-56: Importing Maven projects] INFO  o.e.m.c.i.e.AbstractTransferListenerAdapter - Downloading https://repo.maven.apache.org/maven2/org/codehaus/plexus/plexus-io/3.4.0/plexus-io-3.4.0.pom
2026-06-25 16:20:22,873 [Worker-56: Importing Maven projects] INFO  o.e.m.c.i.e.AbstractTransferListenerAdapter - Downloaded https://repo.maven.apache.org/maven2/org/codehaus/plexus/plexus-io/3.4.0/plexus-io-3.4.0.pom
2026-06-25 16:20:22,933 [Worker-56: Importing Maven projects] INFO  o.e.m.c.i.e.AbstractTransferListenerAdapter - Downloading https://repo.maven.apache.org/maven2/org/codehaus/plexus/plexus-archiver/4.4.0/plexus-archiver-4.4.0.pom
2026-06-25 16:20:22,938 [Worker-56: Importing Maven projects] INFO  o.e.m.c.i.e.AbstractTransferListenerAdapter - Downloaded https://repo.maven.apache.org/maven2/org/codehaus/plexus/plexus-archiver/4.4.0/plexus-archiver-4.4.0.pom
2026-06-25 16:20:23,131 [Worker-56: Importing Maven projects] INFO  o.e.m.c.i.e.AbstractTransferListenerAdapter - Downloading https://repo.maven.apache.org/maven2/org/apache/maven/maven-archiver/3.6.0/maven-archiver-3.6.0.jar
2026-06-25 16:20:23,137 [Worker-56: Importing Maven projects] INFO  o.e.m.c.i.e.AbstractTransferListenerAdapter - Downloaded https://repo.maven.apache.org/maven2/org/apache/maven/maven-archiver/3.6.0/maven-archiver-3.6.0.jar
2026-06-25 16:20:23,161 [BasicRepositoryConnector-repo.maven.apache.org-1-2] INFO  o.e.m.c.i.e.AbstractTransferListenerAdapter - Downloading https://repo.maven.apache.org/maven2/org/apache/commons/commons-compress/1.21/commons-compress-1.21.jar
2026-06-25 16:20:23,196 [BasicRepositoryConnector-repo.maven.apache.org-1-0] INFO  o.e.m.c.i.e.AbstractTransferListenerAdapter - Downloading https://repo.maven.apache.org/maven2/org/codehaus/plexus/plexus-io/3.4.0/plexus-io-3.4.0.jar
2026-06-25 16:20:23,215 [BasicRepositoryConnector-repo.maven.apache.org-1-3] INFO  o.e.m.c.i.e.AbstractTransferListenerAdapter - Downloading https://repo.maven.apache.org/maven2/org/codehaus/plexus/plexus-utils/3.4.2/plexus-utils-3.4.2.jar
2026-06-25 16:20:23,243 [BasicRepositoryConnector-repo.maven.apache.org-1-1] INFO  o.e.m.c.i.e.AbstractTransferListenerAdapter - Downloading https://repo.maven.apache.org/maven2/org/codehaus/plexus/plexus-archiver/4.4.0/plexus-archiver-4.4.0.jar
2026-06-25 16:20:23,349 [BasicRepositoryConnector-repo.maven.apache.org-1-0] INFO  o.e.m.c.i.e.AbstractTransferListenerAdapter - Downloaded https://repo.maven.apache.org/maven2/org/codehaus/plexus/plexus-io/3.4.0/plexus-io-3.4.0.jar
2026-06-25 16:20:23,371 [BasicRepositoryConnector-repo.maven.apache.org-1-3] INFO  o.e.m.c.i.e.AbstractTransferListenerAdapter - Downloaded https://repo.maven.apache.org/maven2/org/codehaus/plexus/plexus-utils/3.4.2/plexus-utils-3.4.2.jar
2026-06-25 16:20:23,468 [BasicRepositoryConnector-repo.maven.apache.org-1-1] INFO  o.e.m.c.i.e.AbstractTransferListenerAdapter - Downloaded https://repo.maven.apache.org/maven2/org/codehaus/plexus/plexus-archiver/4.4.0/plexus-archiver-4.4.0.jar
2026-06-25 16:20:23,798 [BasicRepositoryConnector-repo.maven.apache.org-1-2] INFO  o.e.m.c.i.e.AbstractTransferListenerAdapter - Downloaded https://repo.maven.apache.org/maven2/org/apache/commons/commons-compress/1.21/commons-compress-1.21.jar
2026-06-25 16:20:24,846 [Worker-56: Importing Maven projects] INFO  o.e.m.j.i.AbstractJavaProjectConfigurator - Adding source folder /odm-domain/src/main/java
2026-06-25 16:20:24,848 [Worker-56: Importing Maven projects] INFO  o.e.m.j.i.AbstractJavaProjectConfigurator - Adding resource folder /odm-domain/src/main/resources
2026-06-25 16:20:24,870 [Worker-56: Importing Maven projects] INFO  o.e.m.j.i.AbstractJavaProjectConfigurator - Adding source folder /odm-domain/src/test/java
2026-06-25 16:20:24,871 [Worker-56: Importing Maven projects] INFO  o.e.m.j.i.AbstractJavaProjectConfigurator - Adding resource folder /odm-domain/src/test/resources
2026-06-25 16:20:25,388 [Worker-56: Importing Maven projects] INFO  o.e.m.c.i.p.ProjectConfigurationManager - Imported and configured 1 project(s) in 7 sec
2026-06-25 16:20:27,026 [Worker-50: Building] INFO  o.a.m.s.f.DefaultMavenResourcesFiltering - Copying 0 resource from src\main\resources to target\classes
2026-06-25 16:20:27,051 [Worker-50: Building] INFO  o.a.m.s.f.DefaultMavenResourcesFiltering - skip non existing resourceDirectory C:\Users\OussamaBENAMOR\Desktop\nouveau ws\odm-domain\src\test\resources
2026-06-25 16:23:06,040 [Worker-57: Importing Maven projects] INFO  o.e.m.c.i.l.LifecycleMappingFactory - Using org.eclipse.m2e.jdt.JarLifecycleMapping lifecycle mapping for MavenProject: com.banque:odm-domain:1.0.0 @ C:\Users\OussamaBENAMOR\Desktop\nouveau ws\odm-domain\pom.xml.
2026-06-25 16:23:06,083 [Worker-57: Importing Maven projects] INFO  o.e.m.j.i.AbstractJavaProjectConfigurator - Adding source folder /odm-domain/src/main/java
2026-06-25 16:23:06,084 [Worker-57: Importing Maven projects] INFO  o.e.m.j.i.AbstractJavaProjectConfigurator - Adding resource folder /odm-domain/src/main/resources
2026-06-25 16:23:06,084 [Worker-57: Importing Maven projects] INFO  o.e.m.j.i.AbstractJavaProjectConfigurator - Adding source folder /odm-domain/src/test/java
2026-06-25 16:23:06,084 [Worker-57: Importing Maven projects] INFO  o.e.m.j.i.AbstractJavaProjectConfigurator - Adding resource folder /odm-domain/src/test/resources
2026-06-25 16:23:06,102 [Worker-57: Importing Maven projects] INFO  o.e.m.c.i.p.ProjectConfigurationManager - Imported and configured 1 project(s) in 0 sec
2026-06-25 16:23:06,515 [Worker-61: Building] INFO  o.a.m.s.f.DefaultMavenResourcesFiltering - Copying 0 resource from src\main\resources to target\classes
2026-06-25 16:23:06,518 [Worker-61: Building] INFO  o.a.m.s.f.DefaultMavenResourcesFiltering - skip non existing resourceDirectory C:\Users\OussamaBENAMOR\Desktop\nouveau ws\odm-domain\src\test\resources
2026-06-25 16:25:57,926 [Worker-56: Building] INFO  o.a.m.s.f.DefaultMavenResourcesFiltering - Copying 0 resource from src\main\resources to target\classes
2026-06-25 16:25:57,929 [Worker-56: Building] INFO  o.a.m.s.f.DefaultMavenResourcesFiltering - skip non existing resourceDirectory C:\Users\OussamaBENAMOR\Desktop\nouveau ws\odm-domain\src\test\resources
2026-06-25 16:39:31,964 [Worker-5: Loading available Gradle versions] INFO  o.e.b.c.i.u.g.PublishedGradleVersions - Gradle version information cache is up-to-date. Trying to read.
2026-06-25 16:55:07,888 [Worker-26: Building] INFO  o.a.m.s.f.DefaultMavenResourcesFiltering - Copying 0 resource from src\main\resources to target\classes
2026-06-25 16:55:07,895 [Worker-26: Building] INFO  o.a.m.s.f.DefaultMavenResourcesFiltering - skip non existing resourceDirectory C:\Users\OussamaBENAMOR\Desktop\nouveau ws\odm-domain\src\test\resources
2026-06-25 16:55:46,385 [Worker-29: Building] INFO  o.a.m.s.f.DefaultMavenResourcesFiltering - Copying 0 resource from src\main\resources to target\classes
2026-06-25 16:55:46,389 [Worker-29: Building] INFO  o.a.m.s.f.DefaultMavenResourcesFiltering - skip non existing resourceDirectory C:\Users\OussamaBENAMOR\Desktop\nouveau ws\odm-domain\src\test\resources
2026-06-25 17:29:26,224 [Worker-35: Building] INFO  o.a.m.s.f.DefaultMavenResourcesFiltering - Copying 0 resource from src\main\resources to target\classes
2026-06-25 17:29:26,227 [Worker-35: Building] INFO  o.a.m.s.f.DefaultMavenResourcesFiltering - skip non existing resourceDirectory C:\Users\OussamaBENAMOR\Desktop\nouveau ws\odm-domain\src\test\resources
2026-06-25 17:31:24,021 [Worker-41: Updating Maven Dependencies] INFO  o.e.m.c.i.l.LifecycleMappingFactory - Using org.eclipse.m2e.jdt.JarLifecycleMapping lifecycle mapping for MavenProject: com.banque:odm-domain:1.0.0 @ C:\Users\OussamaBENAMOR\Desktop\nouveau ws\odm-domain\pom.xml.
2026-06-25 17:31:34,196 [Worker-31: Building] INFO  o.a.m.s.f.DefaultMavenResourcesFiltering - Copying 0 resource from src\main\resources to target\classes
2026-06-25 17:31:34,200 [Worker-31: Building] INFO  o.a.m.s.f.DefaultMavenResourcesFiltering - skip non existing resourceDirectory C:\Users\OussamaBENAMOR\Desktop\nouveau ws\odm-domain\src\test\resources
2026-06-26 10:06:26,176 [Worker-2: Loading available Gradle versions] INFO  o.e.b.c.i.u.g.PublishedGradleVersions - Gradle version information cache is out-of-date. Trying to update.
2026-06-26 10:57:22,916 [Worker-40: RF Server] INFO  org.eclipse.jetty.server.Server - jetty-12.0.3; built: 2023-10-27T03:25:22.284Z; git: a873259fd5af141dedaa6c7fa8fe8fbdedce0d61; jvm 17.0.9+9
2026-06-26 10:57:22,983 [Worker-40: RF Server] WARN  o.e.j.ee8.servlet.DefaultServlet - Deprecated resourceBase used instead of baseResource
2026-06-26 10:57:22,997 [Worker-40: RF Server] INFO  o.e.j.server.handler.ContextHandler - Started oeje8n.ContextHandler$CoreContextHandler@7b13d8d9{ROOT,/,b=null,a=AVAILABLE,h=oeje8n.ContextHandler$CoreContextHandler$CoreToNestedHandler@2e124035{STARTED}}
2026-06-26 10:57:23,030 [Worker-40: RF Server] INFO  o.e.jetty.server.AbstractConnector - Started ServerConnector@53b90243{HTTP/1.1, (http/1.1)}{localhost:60246}
2026-06-26 10:57:23,052 [Worker-40: RF Server] INFO  org.eclipse.jetty.server.Server - Started oejs.Server@298c89ee{STARTING}[12.0.3,sto=0] @3133486ms
2026-06-26 12:06:49,699 [Worker-74: Building] INFO  o.a.m.s.f.DefaultMavenResourcesFiltering - Copying 0 resource from src\main\resources to target\classes
2026-06-26 12:06:49,702 [Worker-74: Building] INFO  o.a.m.s.f.DefaultMavenResourcesFiltering - skip non existing resourceDirectory C:\Users\OussamaBENAMOR\Desktop\nouveau ws\odm-domain\src\test\resources
2026-06-26 12:12:47,679 [Worker-78: Building] INFO  o.a.m.s.f.DefaultMavenResourcesFiltering - Copying 0 resource from src\main\resources to target\classes
2026-06-26 12:12:47,682 [Worker-78: Building] INFO  o.a.m.s.f.DefaultMavenResourcesFiltering - skip non existing resourceDirectory C:\Users\OussamaBENAMOR\Desktop\nouveau ws\odm-domain\src\test\resources
2026-06-26 12:13:05,343 [Worker-81: Building] INFO  o.a.m.s.f.DefaultMavenResourcesFiltering - Copying 0 resource from src\main\resources to target\classes
2026-06-26 12:13:05,345 [Worker-81: Building] INFO  o.a.m.s.f.DefaultMavenResourcesFiltering - skip non existing resourceDirectory C:\Users\OussamaBENAMOR\Desktop\nouveau ws\odm-domain\src\test\resources
2026-06-26 12:20:46,157 [Worker-72: Building] INFO  o.a.m.s.f.DefaultMavenResourcesFiltering - Copying 0 resource from src\main\resources to target\classes
2026-06-26 12:20:46,160 [Worker-72: Building] INFO  o.a.m.s.f.DefaultMavenResourcesFiltering - skip non existing resourceDirectory C:\Users\OussamaBENAMOR\Desktop\nouveau ws\odm-domain\src\test\resources
2026-06-26 12:38:42,115 [Worker-96: Building] INFO  o.a.m.s.f.DefaultMavenResourcesFiltering - Copying 0 resource from src\main\resources to target\classes
2026-06-26 12:38:42,117 [Worker-96: Building] INFO  o.a.m.s.f.DefaultMavenResourcesFiltering - skip non existing resourceDirectory C:\Users\OussamaBENAMOR\Desktop\nouveau ws\odm-domain\src\test\resources
2026-06-26 15:44:03,828 [Worker-123: Building] INFO  o.a.m.s.f.DefaultMavenResourcesFiltering - Copying 0 resource from src\main\resources to target\classes
2026-06-26 15:44:03,831 [Worker-123: Building] INFO  o.a.m.s.f.DefaultMavenResourcesFiltering - skip non existing resourceDirectory C:\Users\OussamaBENAMOR\Desktop\nouveau ws\odm-domain\src\test\resources
2026-06-26 15:44:35,253 [Worker-124: Building] INFO  o.a.m.s.f.DefaultMavenResourcesFiltering - Copying 0 resource from src\main\resources to target\classes
2026-06-26 15:44:35,256 [Worker-124: Building] INFO  o.a.m.s.f.DefaultMavenResourcesFiltering - skip non existing resourceDirectory C:\Users\OussamaBENAMOR\Desktop\nouveau ws\odm-domain\src\test\resources
2026-06-26 15:52:18,418 [Worker-129: Building] INFO  o.a.m.s.f.DefaultMavenResourcesFiltering - Copying 0 resource from src\main\resources to target\classes
2026-06-26 15:52:18,427 [Worker-129: Building] INFO  o.a.m.s.f.DefaultMavenResourcesFiltering - skip non existing resourceDirectory C:\Users\OussamaBENAMOR\Desktop\nouveau ws\odm-domain\src\test\resources
2026-06-26 15:56:41,168 [Worker-111: Building] INFO  o.a.m.s.f.DefaultMavenResourcesFiltering - Copying 0 resource from src\main\resources to target\classes
2026-06-26 15:56:41,171 [Worker-111: Building] INFO  o.a.m.s.f.DefaultMavenResourcesFiltering - skip non existing resourceDirectory C:\Users\OussamaBENAMOR\Desktop\nouveau ws\odm-domain\src\test\resources
2026-06-26 15:59:11,237 [Worker-131: Building] INFO  o.a.m.s.f.DefaultMavenResourcesFiltering - Copying 0 resource from src\main\resources to target\classes
2026-06-26 15:59:11,239 [Worker-131: Building] INFO  o.a.m.s.f.DefaultMavenResourcesFiltering - skip non existing resourceDirectory C:\Users\OussamaBENAMOR\Desktop\nouveau ws\odm-domain\src\test\resources
2026-06-26 16:00:30,522 [Worker-137: Building] INFO  o.a.m.s.f.DefaultMavenResourcesFiltering - Copying 0 resource from src\main\resources to target\classes
2026-06-26 16:00:30,524 [Worker-137: Building] INFO  o.a.m.s.f.DefaultMavenResourcesFiltering - skip non existing resourceDirectory C:\Users\OussamaBENAMOR\Desktop\nouveau ws\odm-domain\src\test\resources
2026-06-26 16:34:01,988 [Worker-151: Building] INFO  o.a.m.s.f.DefaultMavenResourcesFiltering - Copying 0 resource from src\main\resources to target\classes
2026-06-26 16:34:01,993 [Worker-151: Building] INFO  o.a.m.s.f.DefaultMavenResourcesFiltering - skip non existing resourceDirectory C:\Users\OussamaBENAMOR\Desktop\nouveau ws\odm-domain\src\test\resources
2026-06-26 16:36:35,156 [Worker-151: Building] INFO  o.a.m.s.f.DefaultMavenResourcesFiltering - Copying 0 resource from src\main\resources to target\classes
2026-06-26 16:36:35,159 [Worker-151: Building] INFO  o.a.m.s.f.DefaultMavenResourcesFiltering - skip non existing resourceDirectory C:\Users\OussamaBENAMOR\Desktop\nouveau ws\odm-domain\src\test\resources
2026-06-26 16:54:20,263 [Worker-165: Building] INFO  o.a.m.s.f.DefaultMavenResourcesFiltering - Copying 0 resource from src\main\resources to target\classes
2026-06-26 16:54:20,266 [Worker-165: Building] INFO  o.a.m.s.f.DefaultMavenResourcesFiltering - skip non existing resourceDirectory C:\Users\OussamaBENAMOR\Desktop\nouveau ws\odm-domain\src\test\resources
2026-06-26 16:55:07,500 [Framework stop - Equinox Container: ee2fece5-5617-4df4-92e8-ae2745e238c9] INFO  org.eclipse.jetty.server.Server - Stopped oejs.Server@298c89ee{STOPPING}[12.0.3,sto=0]
2026-06-26 16:55:07,504 [Framework stop - Equinox Container: ee2fece5-5617-4df4-92e8-ae2745e238c9] INFO  o.e.jetty.server.AbstractConnector - Stopped ServerConnector@53b90243{HTTP/1.1, (http/1.1)}{localhost:0}
2026-06-29 09:49:00,701 [Worker-18: Loading available Gradle versions] INFO  o.e.b.c.i.u.g.PublishedGradleVersions - Gradle version information cache is out-of-date. Trying to update.
2026-06-29 09:51:23,990 [Worker-10: Building] INFO  o.a.m.s.f.DefaultMavenResourcesFiltering - Copying 0 resource from src\main\resources to target\classes
2026-06-29 09:51:23,995 [Worker-10: Building] INFO  o.a.m.s.f.DefaultMavenResourcesFiltering - skip non existing resourceDirectory C:\Users\OussamaBENAMOR\Desktop\nouveau ws\odm-domain\src\test\resources
2026-06-29 09:52:17,969 [Worker-12: Building] INFO  o.a.m.s.f.DefaultMavenResourcesFiltering - Copying 0 resource from src\main\resources to target\classes
2026-06-29 09:52:17,979 [Worker-12: Building] INFO  o.a.m.s.f.DefaultMavenResourcesFiltering - skip non existing resourceDirectory C:\Users\OussamaBENAMOR\Desktop\nouveau ws\odm-domain\src\test\resources
2026-06-29 10:23:10,200 [Worker-31: RF Server] INFO  org.eclipse.jetty.server.Server - jetty-12.0.3; built: 2023-10-27T03:25:22.284Z; git: a873259fd5af141dedaa6c7fa8fe8fbdedce0d61; jvm 17.0.9+9
2026-06-29 10:23:10,270 [Worker-31: RF Server] WARN  o.e.j.ee8.servlet.DefaultServlet - Deprecated resourceBase used instead of baseResource
2026-06-29 10:23:10,287 [Worker-31: RF Server] INFO  o.e.j.server.handler.ContextHandler - Started oeje8n.ContextHandler$CoreContextHandler@47a83622{ROOT,/,b=null,a=AVAILABLE,h=oeje8n.ContextHandler$CoreContextHandler$CoreToNestedHandler@61202b2d{STARTED}}
2026-06-29 10:23:10,338 [Worker-31: RF Server] INFO  o.e.jetty.server.AbstractConnector - Started ServerConnector@2f23022d{HTTP/1.1, (http/1.1)}{localhost:53965}
2026-06-29 10:23:10,373 [Worker-31: RF Server] INFO  org.eclipse.jetty.server.Server - Started oejs.Server@688a507f{STARTING}[12.0.3,sto=0] @2161727ms
2026-06-29 10:29:16,879 [Worker-36: Building] INFO  o.a.m.s.f.DefaultMavenResourcesFiltering - Copying 0 resource from src\main\resources to target\classes
2026-06-29 10:29:16,881 [Worker-36: Building] INFO  o.a.m.s.f.DefaultMavenResourcesFiltering - skip non existing resourceDirectory C:\Users\OussamaBENAMOR\Desktop\nouveau ws\odm-domain\src\test\resources
2026-06-29 10:40:22,216 [Worker-44: Building] INFO  o.a.m.s.f.DefaultMavenResourcesFiltering - Copying 0 resource from src\main\resources to target\classes
2026-06-29 10:40:22,220 [Worker-44: Building] INFO  o.a.m.s.f.DefaultMavenResourcesFiltering - skip non existing resourceDirectory C:\Users\OussamaBENAMOR\Desktop\nouveau ws\odm-domain\src\test\resources
2026-06-29 11:09:11,935 [Worker-57: Building] INFO  o.a.m.s.f.DefaultMavenResourcesFiltering - Copying 0 resource from src\main\resources to target\classes
2026-06-29 11:09:11,937 [Worker-57: Building] INFO  o.a.m.s.f.DefaultMavenResourcesFiltering - skip non existing resourceDirectory C:\Users\OussamaBENAMOR\Desktop\nouveau ws\odm-domain\src\test\resources
2026-06-29 11:09:29,669 [Worker-53: Building] INFO  o.a.m.s.f.DefaultMavenResourcesFiltering - Copying 0 resource from src\main\resources to target\classes
2026-06-29 11:09:29,672 [Worker-53: Building] INFO  o.a.m.s.f.DefaultMavenResourcesFiltering - skip non existing resourceDirectory C:\Users\OussamaBENAMOR\Desktop\nouveau ws\odm-domain\src\test\resources
2026-06-29 11:09:58,873 [Worker-59: Building] INFO  o.a.m.s.f.DefaultMavenResourcesFiltering - Copying 0 resource from src\main\resources to target\classes
2026-06-29 11:09:58,877 [Worker-59: Building] INFO  o.a.m.s.f.DefaultMavenResourcesFiltering - skip non existing resourceDirectory C:\Users\OussamaBENAMOR\Desktop\nouveau ws\odm-domain\src\test\resources
2026-06-29 11:10:04,507 [Worker-58: Building] INFO  o.a.m.s.f.DefaultMavenResourcesFiltering - Copying 0 resource from src\main\resources to target\classes
2026-06-29 11:10:04,509 [Worker-58: Building] INFO  o.a.m.s.f.DefaultMavenResourcesFiltering - skip non existing resourceDirectory C:\Users\OussamaBENAMOR\Desktop\nouveau ws\odm-domain\src\test\resources
2026-06-29 11:10:10,485 [Worker-61: Building] INFO  o.a.m.s.f.DefaultMavenResourcesFiltering - Copying 0 resource from src\main\resources to target\classes
2026-06-29 11:10:10,488 [Worker-61: Building] INFO  o.a.m.s.f.DefaultMavenResourcesFiltering - skip non existing resourceDirectory C:\Users\OussamaBENAMOR\Desktop\nouveau ws\odm-domain\src\test\resources
2026-06-29 11:10:27,898 [Worker-53: Building] INFO  o.a.m.s.f.DefaultMavenResourcesFiltering - Copying 0 resource from src\main\resources to target\classes
2026-06-29 11:10:27,900 [Worker-53: Building] INFO  o.a.m.s.f.DefaultMavenResourcesFiltering - skip non existing resourceDirectory C:\Users\OussamaBENAMOR\Desktop\nouveau ws\odm-domain\src\test\resources
2026-06-29 11:11:44,901 [Worker-60: Building] INFO  o.a.m.s.f.DefaultMavenResourcesFiltering - Copying 0 resource from src\main\resources to target\classes
2026-06-29 11:11:44,904 [Worker-60: Building] INFO  o.a.m.s.f.DefaultMavenResourcesFiltering - skip non existing resourceDirectory C:\Users\OussamaBENAMOR\Desktop\nouveau ws\odm-domain\src\test\resources
2026-06-29 11:12:35,820 [Worker-53: Building] INFO  o.a.m.s.f.DefaultMavenResourcesFiltering - Copying 0 resource from src\main\resources to target\classes
2026-06-29 11:12:35,825 [Worker-53: Building] INFO  o.a.m.s.f.DefaultMavenResourcesFiltering - skip non existing resourceDirectory C:\Users\OussamaBENAMOR\Desktop\nouveau ws\odm-domain\src\test\resources
2026-06-29 11:20:09,208 [Worker-53: Building] INFO  o.a.m.s.f.DefaultMavenResourcesFiltering - Copying 0 resource from src\main\resources to target\classes
2026-06-29 11:20:09,210 [Worker-53: Building] INFO  o.a.m.s.f.DefaultMavenResourcesFiltering - skip non existing resourceDirectory C:\Users\OussamaBENAMOR\Desktop\nouveau ws\odm-domain\src\test\resources
2026-06-29 11:21:22,371 [Worker-64: Building] INFO  o.a.m.s.f.DefaultMavenResourcesFiltering - Copying 0 resource from src\main\resources to target\classes
2026-06-29 11:21:22,374 [Worker-64: Building] INFO  o.a.m.s.f.DefaultMavenResourcesFiltering - skip non existing resourceDirectory C:\Users\OussamaBENAMOR\Desktop\nouveau ws\odm-domain\src\test\resources
2026-06-29 11:25:28,235 [Worker-70: Building] INFO  o.a.m.s.f.DefaultMavenResourcesFiltering - Copying 0 resource from src\main\resources to target\classes
2026-06-29 11:25:28,237 [Worker-70: Building] INFO  o.a.m.s.f.DefaultMavenResourcesFiltering - skip non existing resourceDirectory C:\Users\OussamaBENAMOR\Desktop\nouveau ws\odm-domain\src\test\resources
2026-06-29 11:30:45,788 [Worker-69: Building] INFO  o.a.m.s.f.DefaultMavenResourcesFiltering - Copying 0 resource from src\main\resources to target\classes
2026-06-29 11:30:45,790 [Worker-69: Building] INFO  o.a.m.s.f.DefaultMavenResourcesFiltering - skip non existing resourceDirectory C:\Users\OussamaBENAMOR\Desktop\nouveau ws\odm-domain\src\test\resources
2026-06-29 11:30:57,700 [Worker-75: Building] INFO  o.a.m.s.f.DefaultMavenResourcesFiltering - Copying 0 resource from src\main\resources to target\classes
2026-06-29 11:30:57,703 [Worker-75: Building] INFO  o.a.m.s.f.DefaultMavenResourcesFiltering - skip non existing resourceDirectory C:\Users\OussamaBENAMOR\Desktop\nouveau ws\odm-domain\src\test\resources
2026-06-29 11:53:17,203 [Worker-91: Building] INFO  o.a.m.s.f.DefaultMavenResourcesFiltering - Copying 0 resource from src\main\resources to target\classes
2026-06-29 11:53:17,207 [Worker-91: Building] INFO  o.a.m.s.f.DefaultMavenResourcesFiltering - skip non existing resourceDirectory C:\Users\OussamaBENAMOR\Desktop\nouveau ws\odm-domain\src\test\resources
2026-06-29 12:12:07,291 [Worker-100: Building] INFO  o.a.m.s.f.DefaultMavenResourcesFiltering - Copying 0 resource from src\main\resources to target\classes
2026-06-29 12:12:07,296 [Worker-100: Building] INFO  o.a.m.s.f.DefaultMavenResourcesFiltering - skip non existing resourceDirectory C:\Users\OussamaBENAMOR\Desktop\nouveau ws\odm-domain\src\test\resources
2026-06-29 12:26:09,046 [Worker-110: Building] INFO  o.a.m.s.f.DefaultMavenResourcesFiltering - Copying 0 resource from src\main\resources to target\classes
2026-06-29 12:26:09,049 [Worker-110: Building] INFO  o.a.m.s.f.DefaultMavenResourcesFiltering - skip non existing resourceDirectory C:\Users\OussamaBENAMOR\Desktop\nouveau ws\odm-domain\src\test\resources
2026-06-29 12:27:15,849 [Worker-112: Building] INFO  o.a.m.s.f.DefaultMavenResourcesFiltering - Copying 0 resource from src\main\resources to target\classes
2026-06-29 12:27:15,852 [Worker-112: Building] INFO  o.a.m.s.f.DefaultMavenResourcesFiltering - skip non existing resourceDirectory C:\Users\OussamaBENAMOR\Desktop\nouveau ws\odm-domain\src\test\resources
2026-06-29 12:27:40,178 [Worker-113: Building] INFO  o.a.m.s.f.DefaultMavenResourcesFiltering - Copying 0 resource from src\main\resources to target\classes
2026-06-29 12:27:40,181 [Worker-113: Building] INFO  o.a.m.s.f.DefaultMavenResourcesFiltering - skip non existing resourceDirectory C:\Users\OussamaBENAMOR\Desktop\nouveau ws\odm-domain\src\test\resources
2026-06-29 12:28:28,449 [Worker-104: Building] INFO  o.a.m.s.f.DefaultMavenResourcesFiltering - Copying 0 resource from src\main\resources to target\classes
2026-06-29 12:28:28,451 [Worker-104: Building] INFO  o.a.m.s.f.DefaultMavenResourcesFiltering - skip non existing resourceDirectory C:\Users\OussamaBENAMOR\Desktop\nouveau ws\odm-domain\src\test\resources
2026-06-29 12:29:00,687 [Worker-113: Building] INFO  o.a.m.s.f.DefaultMavenResourcesFiltering - Copying 0 resource from src\main\resources to target\classes
2026-06-29 12:29:00,689 [Worker-113: Building] INFO  o.a.m.s.f.DefaultMavenResourcesFiltering - skip non existing resourceDirectory C:\Users\OussamaBENAMOR\Desktop\nouveau ws\odm-domain\src\test\resources
2026-06-29 12:29:27,250 [Worker-104: Building] INFO  o.a.m.s.f.DefaultMavenResourcesFiltering - Copying 0 resource from src\main\resources to target\classes
2026-06-29 12:29:27,252 [Worker-104: Building] INFO  o.a.m.s.f.DefaultMavenResourcesFiltering - skip non existing resourceDirectory C:\Users\OussamaBENAMOR\Desktop\nouveau ws\odm-domain\src\test\resources
2026-06-29 12:29:48,930 [Worker-111: Building] INFO  o.a.m.s.f.DefaultMavenResourcesFiltering - Copying 0 resource from src\main\resources to target\classes
2026-06-29 12:29:48,932 [Worker-111: Building] INFO  o.a.m.s.f.DefaultMavenResourcesFiltering - skip non existing resourceDirectory C:\Users\OussamaBENAMOR\Desktop\nouveau ws\odm-domain\src\test\resources
2026-06-29 12:30:45,851 [Worker-104: Building] INFO  o.a.m.s.f.DefaultMavenResourcesFiltering - Copying 0 resource from src\main\resources to target\classes
2026-06-29 12:30:45,853 [Worker-104: Building] INFO  o.a.m.s.f.DefaultMavenResourcesFiltering - skip non existing resourceDirectory C:\Users\OussamaBENAMOR\Desktop\nouveau ws\odm-domain\src\test\resources
2026-06-29 12:30:58,858 [Worker-111: Building] INFO  o.a.m.s.f.DefaultMavenResourcesFiltering - Copying 0 resource from src\main\resources to target\classes
2026-06-29 12:30:58,860 [Worker-111: Building] INFO  o.a.m.s.f.DefaultMavenResourcesFiltering - skip non existing resourceDirectory C:\Users\OussamaBENAMOR\Desktop\nouveau ws\odm-domain\src\test\resources
2026-06-29 12:36:52,525 [Worker-118: Building] INFO  o.a.m.s.f.DefaultMavenResourcesFiltering - Copying 0 resource from src\main\resources to target\classes
2026-06-29 12:36:52,528 [Worker-118: Building] INFO  o.a.m.s.f.DefaultMavenResourcesFiltering - skip non existing resourceDirectory C:\Users\OussamaBENAMOR\Desktop\nouveau ws\odm-domain\src\test\resources
2026-06-29 12:40:50,706 [Framework stop - Equinox Container: 77840a8a-d73b-4641-a186-23e7d12ea1f0] INFO  org.eclipse.jetty.server.Server - Stopped oejs.Server@688a507f{STOPPING}[12.0.3,sto=0]
2026-06-29 12:40:50,710 [Framework stop - Equinox Container: 77840a8a-d73b-4641-a186-23e7d12ea1f0] INFO  o.e.jetty.server.AbstractConnector - Stopped ServerConnector@2f23022d{HTTP/1.1, (http/1.1)}{localhost:0}
2026-06-29 12:42:17,163 [Worker-4: Loading available Gradle versions] INFO  o.e.b.c.i.u.g.PublishedGradleVersions - Gradle version information cache is up-to-date. Trying to read.
2026-06-29 14:39:04,212 [Worker-25: RF Server] INFO  org.eclipse.jetty.server.Server - jetty-12.0.3; built: 2023-10-27T03:25:22.284Z; git: a873259fd5af141dedaa6c7fa8fe8fbdedce0d61; jvm 17.0.9+9
2026-06-29 14:39:04,283 [Worker-25: RF Server] WARN  o.e.j.ee8.servlet.DefaultServlet - Deprecated resourceBase used instead of baseResource
2026-06-29 14:39:04,308 [Worker-25: RF Server] INFO  o.e.j.server.handler.ContextHandler - Started oeje8n.ContextHandler$CoreContextHandler@6fefa0af{ROOT,/,b=null,a=AVAILABLE,h=oeje8n.ContextHandler$CoreContextHandler$CoreToNestedHandler@57b1ec2d{STARTED}}
2026-06-29 14:39:04,345 [Worker-25: RF Server] INFO  o.e.jetty.server.AbstractConnector - Started ServerConnector@52424e6c{HTTP/1.1, (http/1.1)}{localhost:56379}
2026-06-29 14:39:04,405 [Worker-25: RF Server] INFO  org.eclipse.jetty.server.Server - Started oejs.Server@3ed943a6{STARTING}[12.0.3,sto=0] @7089287ms
2026-06-29 16:22:29,532 [main] INFO  o.e.m2e.actions.ExecutePomAction - Creating new launch configuration
2026-06-29 16:23:23,967 [Worker-42: Launching odm-domain] INFO  o.eclipse.m2e.core.internal.Bundles - getClasspathEntries(Bundle=org.eclipse.m2e.maven.runtime_3.9.500.20231113-2345 [629])
2026-06-29 16:23:23,969 [Worker-42: Launching odm-domain] INFO  o.eclipse.m2e.core.internal.Bundles - 	Entry: C:\Users\OussamaBENAMOR\Desktop\nouveau ws\eclipse\eclipse\plugins\org.eclipse.m2e.maven.runtime_3.9.500.20231113-2345
2026-06-29 16:23:23,969 [Worker-42: Launching odm-domain] INFO  o.eclipse.m2e.core.internal.Bundles - 	Entry: C:\Users\OussamaBENAMOR\Desktop\nouveau ws\eclipse\eclipse\plugins\org.eclipse.m2e.maven.runtime_3.9.500.20231113-2345\jars\aopalliance-1.0.jar
2026-06-29 16:23:23,970 [Worker-42: Launching odm-domain] INFO  o.eclipse.m2e.core.internal.Bundles - 	Entry: C:\Users\OussamaBENAMOR\Desktop\nouveau ws\eclipse\eclipse\plugins\org.eclipse.m2e.maven.runtime_3.9.500.20231113-2345\jars\guice-5.1.0.jar
2026-06-29 16:23:23,970 [Worker-42: Launching odm-domain] INFO  o.eclipse.m2e.core.internal.Bundles - 	Entry: C:\Users\OussamaBENAMOR\Desktop\nouveau ws\eclipse\eclipse\plugins\org.eclipse.m2e.maven.runtime_3.9.500.20231113-2345\jars\httpclient-4.5.14.jar
2026-06-29 16:23:23,970 [Worker-42: Launching odm-domain] INFO  o.eclipse.m2e.core.internal.Bundles - 	Entry: C:\Users\OussamaBENAMOR\Desktop\nouveau ws\eclipse\eclipse\plugins\org.eclipse.m2e.maven.runtime_3.9.500.20231113-2345\jars\httpcore-4.4.16.jar
2026-06-29 16:23:23,970 [Worker-42: Launching odm-domain] INFO  o.eclipse.m2e.core.internal.Bundles - 	Entry: C:\Users\OussamaBENAMOR\Desktop\nouveau ws\eclipse\eclipse\plugins\org.eclipse.m2e.maven.runtime_3.9.500.20231113-2345\jars\jansi-2.4.0.jar
2026-06-29 16:23:23,970 [Worker-42: Launching odm-domain] INFO  o.eclipse.m2e.core.internal.Bundles - 	Entry: C:\Users\OussamaBENAMOR\Desktop\nouveau ws\eclipse\eclipse\plugins\org.eclipse.m2e.maven.runtime_3.9.500.20231113-2345\jars\jcl-over-slf4j-1.7.36.jar
2026-06-29 16:23:23,971 [Worker-42: Launching odm-domain] INFO  o.eclipse.m2e.core.internal.Bundles - 	Entry: C:\Users\OussamaBENAMOR\Desktop\nouveau ws\eclipse\eclipse\plugins\org.eclipse.m2e.maven.runtime_3.9.500.20231113-2345\jars\maven-artifact-3.9.5.jar
2026-06-29 16:23:23,971 [Worker-42: Launching odm-domain] INFO  o.eclipse.m2e.core.internal.Bundles - 	Entry: C:\Users\OussamaBENAMOR\Desktop\nouveau ws\eclipse\eclipse\plugins\org.eclipse.m2e.maven.runtime_3.9.500.20231113-2345\jars\maven-builder-support-3.9.5.jar
2026-06-29 16:23:23,971 [Worker-42: Launching odm-domain] INFO  o.eclipse.m2e.core.internal.Bundles - 	Entry: C:\Users\OussamaBENAMOR\Desktop\nouveau ws\eclipse\eclipse\plugins\org.eclipse.m2e.maven.runtime_3.9.500.20231113-2345\jars\maven-compat-3.9.5.jar
2026-06-29 16:23:23,971 [Worker-42: Launching odm-domain] INFO  o.eclipse.m2e.core.internal.Bundles - 	Entry: C:\Users\OussamaBENAMOR\Desktop\nouveau ws\eclipse\eclipse\plugins\org.eclipse.m2e.maven.runtime_3.9.500.20231113-2345\jars\maven-core-3.9.5.jar
2026-06-29 16:23:23,972 [Worker-42: Launching odm-domain] INFO  o.eclipse.m2e.core.internal.Bundles - 	Entry: C:\Users\OussamaBENAMOR\Desktop\nouveau ws\eclipse\eclipse\plugins\org.eclipse.m2e.maven.runtime_3.9.500.20231113-2345\jars\maven-embedder-3.9.5.jar
2026-06-29 16:23:23,972 [Worker-42: Launching odm-domain] INFO  o.eclipse.m2e.core.internal.Bundles - 	Entry: C:\Users\OussamaBENAMOR\Desktop\nouveau ws\eclipse\eclipse\plugins\org.eclipse.m2e.maven.runtime_3.9.500.20231113-2345\jars\maven-model-3.9.5.jar
2026-06-29 16:23:23,972 [Worker-42: Launching odm-domain] INFO  o.eclipse.m2e.core.internal.Bundles - 	Entry: C:\Users\OussamaBENAMOR\Desktop\nouveau ws\eclipse\eclipse\plugins\org.eclipse.m2e.maven.runtime_3.9.500.20231113-2345\jars\maven-model-builder-3.9.5.jar
2026-06-29 16:23:23,972 [Worker-42: Launching odm-domain] INFO  o.eclipse.m2e.core.internal.Bundles - 	Entry: C:\Users\OussamaBENAMOR\Desktop\nouveau ws\eclipse\eclipse\plugins\org.eclipse.m2e.maven.runtime_3.9.500.20231113-2345\jars\maven-plugin-api-3.9.5.jar
2026-06-29 16:23:23,973 [Worker-42: Launching odm-domain] INFO  o.eclipse.m2e.core.internal.Bundles - 	Entry: C:\Users\OussamaBENAMOR\Desktop\nouveau ws\eclipse\eclipse\plugins\org.eclipse.m2e.maven.runtime_3.9.500.20231113-2345\jars\maven-repository-metadata-3.9.5.jar
2026-06-29 16:23:23,973 [Worker-42: Launching odm-domain] INFO  o.eclipse.m2e.core.internal.Bundles - 	Entry: C:\Users\OussamaBENAMOR\Desktop\nouveau ws\eclipse\eclipse\plugins\org.eclipse.m2e.maven.runtime_3.9.500.20231113-2345\jars\maven-resolver-api-1.9.16.jar
2026-06-29 16:23:23,973 [Worker-42: Launching odm-domain] INFO  o.eclipse.m2e.core.internal.Bundles - 	Entry: C:\Users\OussamaBENAMOR\Desktop\nouveau ws\eclipse\eclipse\plugins\org.eclipse.m2e.maven.runtime_3.9.500.20231113-2345\jars\maven-resolver-connector-basic-1.9.16.jar
2026-06-29 16:23:23,973 [Worker-42: Launching odm-domain] INFO  o.eclipse.m2e.core.internal.Bundles - 	Entry: C:\Users\OussamaBENAMOR\Desktop\nouveau ws\eclipse\eclipse\plugins\org.eclipse.m2e.maven.runtime_3.9.500.20231113-2345\jars\maven-resolver-impl-1.9.16.jar
2026-06-29 16:23:23,974 [Worker-42: Launching odm-domain] INFO  o.eclipse.m2e.core.internal.Bundles - 	Entry: C:\Users\OussamaBENAMOR\Desktop\nouveau ws\eclipse\eclipse\plugins\org.eclipse.m2e.maven.runtime_3.9.500.20231113-2345\jars\maven-resolver-named-locks-1.9.16.jar
2026-06-29 16:23:23,974 [Worker-42: Launching odm-domain] INFO  o.eclipse.m2e.core.internal.Bundles - 	Entry: C:\Users\OussamaBENAMOR\Desktop\nouveau ws\eclipse\eclipse\plugins\org.eclipse.m2e.maven.runtime_3.9.500.20231113-2345\jars\maven-resolver-provider-3.9.5.jar
2026-06-29 16:23:23,974 [Worker-42: Launching odm-domain] INFO  o.eclipse.m2e.core.internal.Bundles - 	Entry: C:\Users\OussamaBENAMOR\Desktop\nouveau ws\eclipse\eclipse\plugins\org.eclipse.m2e.maven.runtime_3.9.500.20231113-2345\jars\maven-resolver-spi-1.9.16.jar
2026-06-29 16:23:23,974 [Worker-42: Launching odm-domain] INFO  o.eclipse.m2e.core.internal.Bundles - 	Entry: C:\Users\OussamaBENAMOR\Desktop\nouveau ws\eclipse\eclipse\plugins\org.eclipse.m2e.maven.runtime_3.9.500.20231113-2345\jars\maven-resolver-transport-file-1.9.16.jar
2026-06-29 16:23:23,975 [Worker-42: Launching odm-domain] INFO  o.eclipse.m2e.core.internal.Bundles - 	Entry: C:\Users\OussamaBENAMOR\Desktop\nouveau ws\eclipse\eclipse\plugins\org.eclipse.m2e.maven.runtime_3.9.500.20231113-2345\jars\maven-resolver-transport-http-1.9.16.jar
2026-06-29 16:23:23,975 [Worker-42: Launching odm-domain] INFO  o.eclipse.m2e.core.internal.Bundles - 	Entry: C:\Users\OussamaBENAMOR\Desktop\nouveau ws\eclipse\eclipse\plugins\org.eclipse.m2e.maven.runtime_3.9.500.20231113-2345\jars\maven-resolver-transport-wagon-1.9.16.jar
2026-06-29 16:23:23,975 [Worker-42: Launching odm-domain] INFO  o.eclipse.m2e.core.internal.Bundles - 	Entry: C:\Users\OussamaBENAMOR\Desktop\nouveau ws\eclipse\eclipse\plugins\org.eclipse.m2e.maven.runtime_3.9.500.20231113-2345\jars\maven-resolver-util-1.9.16.jar
2026-06-29 16:23:23,975 [Worker-42: Launching odm-domain] INFO  o.eclipse.m2e.core.internal.Bundles - 	Entry: C:\Users\OussamaBENAMOR\Desktop\nouveau ws\eclipse\eclipse\plugins\org.eclipse.m2e.maven.runtime_3.9.500.20231113-2345\jars\maven-settings-3.9.5.jar
2026-06-29 16:23:23,976 [Worker-42: Launching odm-domain] INFO  o.eclipse.m2e.core.internal.Bundles - 	Entry: C:\Users\OussamaBENAMOR\Desktop\nouveau ws\eclipse\eclipse\plugins\org.eclipse.m2e.maven.runtime_3.9.500.20231113-2345\jars\maven-settings-builder-3.9.5.jar
2026-06-29 16:23:23,976 [Worker-42: Launching odm-domain] INFO  o.eclipse.m2e.core.internal.Bundles - 	Entry: C:\Users\OussamaBENAMOR\Desktop\nouveau ws\eclipse\eclipse\plugins\org.eclipse.m2e.maven.runtime_3.9.500.20231113-2345\jars\maven-shared-utils-3.3.4.jar
2026-06-29 16:23:23,976 [Worker-42: Launching odm-domain] INFO  o.eclipse.m2e.core.internal.Bundles - 	Entry: C:\Users\OussamaBENAMOR\Desktop\nouveau ws\eclipse\eclipse\plugins\org.eclipse.m2e.maven.runtime_3.9.500.20231113-2345\jars\org.eclipse.sisu.inject-0.3.5.jar
2026-06-29 16:23:23,977 [Worker-42: Launching odm-domain] INFO  o.eclipse.m2e.core.internal.Bundles - 	Entry: C:\Users\OussamaBENAMOR\Desktop\nouveau ws\eclipse\eclipse\plugins\org.eclipse.m2e.maven.runtime_3.9.500.20231113-2345\jars\org.eclipse.sisu.plexus-0.3.5.jar
2026-06-29 16:23:23,977 [Worker-42: Launching odm-domain] INFO  o.eclipse.m2e.core.internal.Bundles - 	Entry: C:\Users\OussamaBENAMOR\Desktop\nouveau ws\eclipse\eclipse\plugins\org.eclipse.m2e.maven.runtime_3.9.500.20231113-2345\jars\plexus-build-api-0.0.7.jar
2026-06-29 16:23:23,977 [Worker-42: Launching odm-domain] INFO  o.eclipse.m2e.core.internal.Bundles - 	Entry: C:\Users\OussamaBENAMOR\Desktop\nouveau ws\eclipse\eclipse\plugins\org.eclipse.m2e.maven.runtime_3.9.500.20231113-2345\jars\plexus-cipher-2.0.jar
2026-06-29 16:23:23,977 [Worker-42: Launching odm-domain] INFO  o.eclipse.m2e.core.internal.Bundles - 	Entry: C:\Users\OussamaBENAMOR\Desktop\nouveau ws\eclipse\eclipse\plugins\org.eclipse.m2e.maven.runtime_3.9.500.20231113-2345\jars\plexus-classworlds-2.7.0.jar
2026-06-29 16:23:23,977 [Worker-42: Launching odm-domain] INFO  o.eclipse.m2e.core.internal.Bundles - 	Entry: C:\Users\OussamaBENAMOR\Desktop\nouveau ws\eclipse\eclipse\plugins\org.eclipse.m2e.maven.runtime_3.9.500.20231113-2345\jars\plexus-component-annotations-2.1.0.jar
2026-06-29 16:23:23,978 [Worker-42: Launching odm-domain] INFO  o.eclipse.m2e.core.internal.Bundles - 	Entry: C:\Users\OussamaBENAMOR\Desktop\nouveau ws\eclipse\eclipse\plugins\org.eclipse.m2e.maven.runtime_3.9.500.20231113-2345\jars\plexus-interpolation-1.26.jar
2026-06-29 16:23:23,978 [Worker-42: Launching odm-domain] INFO  o.eclipse.m2e.core.internal.Bundles - 	Entry: C:\Users\OussamaBENAMOR\Desktop\nouveau ws\eclipse\eclipse\plugins\org.eclipse.m2e.maven.runtime_3.9.500.20231113-2345\jars\plexus-sec-dispatcher-2.0.jar
2026-06-29 16:23:23,978 [Worker-42: Launching odm-domain] INFO  o.eclipse.m2e.core.internal.Bundles - 	Entry: C:\Users\OussamaBENAMOR\Desktop\nouveau ws\eclipse\eclipse\plugins\org.eclipse.m2e.maven.runtime_3.9.500.20231113-2345\jars\plexus-utils-3.5.1.jar
2026-06-29 16:23:23,978 [Worker-42: Launching odm-domain] INFO  o.eclipse.m2e.core.internal.Bundles - 	Entry: C:\Users\OussamaBENAMOR\Desktop\nouveau ws\eclipse\eclipse\plugins\org.eclipse.m2e.maven.runtime_3.9.500.20231113-2345\jars\wagon-file-3.5.3.jar
2026-06-29 16:23:23,978 [Worker-42: Launching odm-domain] INFO  o.eclipse.m2e.core.internal.Bundles - 	Entry: C:\Users\OussamaBENAMOR\Desktop\nouveau ws\eclipse\eclipse\plugins\org.eclipse.m2e.maven.runtime_3.9.500.20231113-2345\jars\wagon-http-3.5.3.jar
2026-06-29 16:23:23,978 [Worker-42: Launching odm-domain] INFO  o.eclipse.m2e.core.internal.Bundles - 	Entry: C:\Users\OussamaBENAMOR\Desktop\nouveau ws\eclipse\eclipse\plugins\org.eclipse.m2e.maven.runtime_3.9.500.20231113-2345\jars\wagon-http-shared-3.5.3.jar
2026-06-29 16:23:23,979 [Worker-42: Launching odm-domain] INFO  o.eclipse.m2e.core.internal.Bundles - 	Entry: C:\Users\OussamaBENAMOR\Desktop\nouveau ws\eclipse\eclipse\plugins\org.eclipse.m2e.maven.runtime_3.9.500.20231113-2345\jars\wagon-provider-api-3.5.3.jar
2026-06-29 16:23:23,980 [Worker-42: Launching odm-domain] INFO  o.eclipse.m2e.core.internal.Bundles - getClasspathEntries(Bundle=com.google.guava_32.1.3.jre [12])
2026-06-29 16:23:23,981 [Worker-42: Launching odm-domain] INFO  o.eclipse.m2e.core.internal.Bundles - 	Entry: C:\Users\OussamaBENAMOR\Desktop\nouveau ws\eclipse\eclipse\plugins\com.google.guava_32.1.3.jre.jar
2026-06-29 16:23:23,981 [Worker-42: Launching odm-domain] INFO  o.eclipse.m2e.core.internal.Bundles - getClasspathEntries(Bundle=slf4j.api_2.0.9 [989])
2026-06-29 16:23:23,982 [Worker-42: Launching odm-domain] INFO  o.eclipse.m2e.core.internal.Bundles - 	Entry: C:\Users\OussamaBENAMOR\Desktop\nouveau ws\eclipse\eclipse\plugins\slf4j.api_2.0.9.jar
2026-06-29 16:23:23,982 [Worker-42: Launching odm-domain] INFO  o.eclipse.m2e.core.internal.Bundles - getClasspathEntries(Bundle=jakarta.inject.jakarta.inject-api_1.0.5 [29])
2026-06-29 16:23:23,982 [Worker-42: Launching odm-domain] INFO  o.eclipse.m2e.core.internal.Bundles - 	Entry: C:\Users\OussamaBENAMOR\Desktop\nouveau ws\eclipse\eclipse\plugins\jakarta.inject.jakarta.inject-api_1.0.5.jar
2026-06-29 16:23:23,982 [Worker-42: Launching odm-domain] INFO  o.eclipse.m2e.core.internal.Bundles - getClasspathEntries(Bundle=jakarta.annotation-api_1.3.5 [24])
2026-06-29 16:23:23,983 [Worker-42: Launching odm-domain] INFO  o.eclipse.m2e.core.internal.Bundles - 	Entry: C:\Users\OussamaBENAMOR\Desktop\nouveau ws\eclipse\eclipse\plugins\jakarta.annotation-api_1.3.5.jar
2026-06-29 16:23:23,983 [Worker-42: Launching odm-domain] INFO  o.eclipse.m2e.core.internal.Bundles - getClasspathEntries(Bundle=org.apache.commons.cli_1.6.0 [71])
2026-06-29 16:23:23,984 [Worker-42: Launching odm-domain] INFO  o.eclipse.m2e.core.internal.Bundles - 	Entry: C:\Users\OussamaBENAMOR\Desktop\nouveau ws\eclipse\eclipse\plugins\org.apache.commons.cli_1.6.0.jar
2026-06-29 16:23:23,984 [Worker-42: Launching odm-domain] INFO  o.eclipse.m2e.core.internal.Bundles - getClasspathEntries(Bundle=org.apache.commons.commons-codec_1.16.0 [75])
2026-06-29 16:23:23,985 [Worker-42: Launching odm-domain] INFO  o.eclipse.m2e.core.internal.Bundles - 	Entry: C:\Users\OussamaBENAMOR\Desktop\nouveau ws\eclipse\eclipse\plugins\org.apache.commons.commons-codec_1.16.0.jar
2026-06-29 16:23:23,985 [Worker-42: Launching odm-domain] INFO  o.eclipse.m2e.core.internal.Bundles - getClasspathEntries(Bundle=org.apache.commons.lang3_3.13.0 [82])
2026-06-29 16:23:23,985 [Worker-42: Launching odm-domain] INFO  o.eclipse.m2e.core.internal.Bundles - 	Entry: C:\Users\OussamaBENAMOR\Desktop\nouveau ws\eclipse\eclipse\plugins\org.apache.commons.lang3_3.13.0.jar
2026-06-29 16:23:23,985 [Worker-42: Launching odm-domain] INFO  o.eclipse.m2e.core.internal.Bundles - getClasspathEntries(Bundle=com.google.guava.failureaccess_1.0.2 [13])
2026-06-29 16:23:23,986 [Worker-42: Launching odm-domain] INFO  o.eclipse.m2e.core.internal.Bundles - 	Entry: C:\Users\OussamaBENAMOR\Desktop\nouveau ws\eclipse\eclipse\plugins\com.google.guava.failureaccess_1.0.2.jar
2026-06-29 16:23:23,990 [Worker-42: Launching odm-domain] INFO  o.e.m.i.launch.MavenLaunchDelegate - Run build in "C:\Users\OussamaBENAMOR\Desktop\nouveau ws\odm-domain":
2026-06-29 16:23:23,997 [Worker-42: Launching odm-domain] INFO  o.e.m.i.launch.MavenLaunchDelegate -  mvn  -B -Dmaven.test.skip=true -DskipTests -Dstyle.color=always clean install
2026-06-29 17:14:07,562 [Framework stop - Equinox Container: 58f1355b-60fa-456e-a195-2e3b42bc3a27] INFO  org.eclipse.jetty.server.Server - Stopped oejs.Server@3ed943a6{STOPPING}[12.0.3,sto=0]
2026-06-29 17:14:07,578 [Framework stop - Equinox Container: 58f1355b-60fa-456e-a195-2e3b42bc3a27] INFO  o.e.jetty.server.AbstractConnector - Stopped ServerConnector@52424e6c{HTTP/1.1, (http/1.1)}{localhost:0}
2026-06-30 09:58:38,935 [Worker-5: Loading available Gradle versions] INFO  o.e.b.c.i.u.g.PublishedGradleVersions - Gradle version information cache is out-of-date. Trying to update.
2026-07-01 10:35:39,915 [Worker-9: Loading available Gradle versions] INFO  o.e.b.c.i.u.g.PublishedGradleVersions - Gradle version information cache is out-of-date. Trying to update.
2026-07-02 10:13:53,933 [Worker-2: Loading available Gradle versions] INFO  o.e.b.c.i.u.g.PublishedGradleVersions - Gradle version information cache is up-to-date. Trying to read.
2026-07-03 10:50:18,592 [Worker-1: Loading available Gradle versions] INFO  o.e.b.c.i.u.g.PublishedGradleVersions - Gradle version information cache is out-of-date. Trying to update.
2026-07-03 10:54:45,617 [Worker-19: Déploiement de la RuleApp] INFO  o.a.m.s.f.DefaultMavenResourcesFiltering - Copying 0 resource from src\main\resources to target\classes
2026-07-03 10:54:45,625 [Worker-19: Déploiement de la RuleApp] INFO  o.a.m.s.f.DefaultMavenResourcesFiltering - skip non existing resourceDirectory C:\Users\OussamaBENAMOR\Desktop\nouveau ws\odm-domain\src\test\resources
2026-07-06 10:19:12,683 [Worker-2: Loading available Gradle versions] INFO  o.e.b.c.i.u.g.PublishedGradleVersions - Gradle version information cache is out-of-date. Trying to update.
2026-07-07 10:58:12,818 [Worker-9: Loading available Gradle versions] INFO  o.e.b.c.i.u.g.PublishedGradleVersions - Gradle version information cache is out-of-date. Trying to update.
2026-07-07 10:59:03,226 [Worker-18: RF Server] INFO  org.eclipse.jetty.server.Server - jetty-12.0.3; built: 2023-10-27T03:25:22.284Z; git: a873259fd5af141dedaa6c7fa8fe8fbdedce0d61; jvm 17.0.9+9
2026-07-07 10:59:03,358 [Worker-18: RF Server] WARN  o.e.j.ee8.servlet.DefaultServlet - Deprecated resourceBase used instead of baseResource
2026-07-07 10:59:03,381 [Worker-18: RF Server] INFO  o.e.j.server.handler.ContextHandler - Started oeje8n.ContextHandler$CoreContextHandler@848ae47{ROOT,/,b=null,a=AVAILABLE,h=oeje8n.ContextHandler$CoreContextHandler$CoreToNestedHandler@568fc408{STARTED}}
2026-07-07 10:59:03,430 [Worker-18: RF Server] INFO  o.e.jetty.server.AbstractConnector - Started ServerConnector@3e9c61c8{HTTP/1.1, (http/1.1)}{localhost:54776}
2026-07-07 10:59:03,472 [Worker-18: RF Server] INFO  org.eclipse.jetty.server.Server - Started oejs.Server@47870270{STARTING}[12.0.3,sto=0] @204477ms
2026-07-07 17:19:16,179 [Framework stop - Equinox Container: 2c42b3fa-8044-4360-844a-3d41278e3bd7] INFO  org.eclipse.jetty.server.Server - Stopped oejs.Server@47870270{STOPPING}[12.0.3,sto=0]
2026-07-07 17:19:16,192 [Framework stop - Equinox Container: 2c42b3fa-8044-4360-844a-3d41278e3bd7] INFO  o.e.jetty.server.AbstractConnector - Stopped ServerConnector@3e9c61c8{HTTP/1.1, (http/1.1)}{localhost:0}
2026-07-13 13:27:07,409 [Worker-9: Loading available Gradle versions] INFO  o.e.b.c.i.u.g.PublishedGradleVersions - Gradle version information cache is out-of-date. Trying to update.
2026-07-13 13:27:08,700 [Worker-1: RF Server] INFO  org.eclipse.jetty.server.Server - jetty-12.0.3; built: 2023-10-27T03:25:22.284Z; git: a873259fd5af141dedaa6c7fa8fe8fbdedce0d61; jvm 17.0.9+9
2026-07-13 13:27:08,840 [Worker-1: RF Server] WARN  o.e.j.ee8.servlet.DefaultServlet - Deprecated resourceBase used instead of baseResource
2026-07-13 13:27:08,865 [Worker-1: RF Server] INFO  o.e.j.server.handler.ContextHandler - Started oeje8n.ContextHandler$CoreContextHandler@44e2af92{ROOT,/,b=null,a=AVAILABLE,h=oeje8n.ContextHandler$CoreContextHandler$CoreToNestedHandler@5d97ef6d{STARTED}}
2026-07-13 13:27:08,930 [Worker-1: RF Server] INFO  o.e.jetty.server.AbstractConnector - Started ServerConnector@23f71f0a{HTTP/1.1, (http/1.1)}{localhost:50909}
2026-07-13 13:27:08,981 [Worker-1: RF Server] INFO  org.eclipse.jetty.server.Server - Started oejs.Server@23990903{STARTING}[12.0.3,sto=0] @151693ms
2026-07-15 22:29:33,420 [Worker-6: Loading available Gradle versions] INFO  o.e.b.c.i.u.g.PublishedGradleVersions - Gradle version information cache is up-to-date. Trying to read.
2026-07-15 22:29:34,832 [Worker-9: RF Server] INFO  org.eclipse.jetty.server.Server - jetty-12.0.3; built: 2023-10-27T03:25:22.284Z; git: a873259fd5af141dedaa6c7fa8fe8fbdedce0d61; jvm 17.0.9+9
2026-07-15 22:29:34,992 [Worker-9: RF Server] WARN  o.e.j.ee8.servlet.DefaultServlet - Deprecated resourceBase used instead of baseResource
2026-07-15 22:29:35,039 [Worker-9: RF Server] INFO  o.e.j.server.handler.ContextHandler - Started oeje8n.ContextHandler$CoreContextHandler@5a5dc8de{ROOT,/,b=null,a=AVAILABLE,h=oeje8n.ContextHandler$CoreContextHandler$CoreToNestedHandler@bb62f10{STARTED}}
2026-07-15 22:29:35,097 [Worker-9: RF Server] INFO  o.e.jetty.server.AbstractConnector - Started ServerConnector@6220dc7d{HTTP/1.1, (http/1.1)}{localhost:51623}
2026-07-15 22:29:35,138 [Worker-9: RF Server] INFO  org.eclipse.jetty.server.Server - Started oejs.Server@ae0699a{STARTING}[12.0.3,sto=0] @97764ms
2026-07-15 23:10:59,900 [Framework stop - Equinox Container: e01d430b-1ede-42f1-a76d-2725c2c9a5d0] INFO  org.eclipse.jetty.server.Server - Stopped oejs.Server@ae0699a{STOPPING}[12.0.3,sto=0]
2026-07-15 23:10:59,935 [Framework stop - Equinox Container: e01d430b-1ede-42f1-a76d-2725c2c9a5d0] INFO  o.e.jetty.server.AbstractConnector - Stopped ServerConnector@6220dc7d{HTTP/1.1, (http/1.1)}{localhost:0}
2026-07-28 15:42:09,901 [Worker-1: Loading available Gradle versions] INFO  o.e.b.c.i.u.g.PublishedGradleVersions - Gradle version information cache is out-of-date. Trying to update.
2026-08-03 11:24:58,334 [Worker-4: Loading available Gradle versions] INFO  o.e.b.c.i.u.g.PublishedGradleVersions - Gradle version information cache is out-of-date. Trying to update.
2026-08-25 12:10:32,271 [Worker-5: Loading available Gradle versions] INFO  o.e.b.c.i.u.g.PublishedGradleVersions - Gradle version information cache is out-of-date. Trying to update.
